POST /api/v3/stories token=ok {
  "name": "Add widget export",
  "description": "- Problem: no export\\n- Fix: add it",
  "story_type": "feature",
  "group_id": "649562cb-7f18-471f-835f-7ed28a5abf0a",
  "workflow_state_id": 500000006
}

POST /api/v3/stories token=ok {
  "name": "Owned item",
  "description": "- Problem: Owned item\n- Fix: tracked by firstmate backlog item lab-owned",
  "story_type": "feature",
  "group_id": "649562cb-7f18-471f-835f-7ed28a5abf0a",
  "workflow_state_id": 500000006,
  "owner_ids": [
    "00000000-lab-owner"
  ]
}

POST /api/v3/stories token=ok {
  "name": "Fix the edge case",
  "description": "Follow-up to sc-6092",
  "story_type": "feature",
  "group_id": "649562cb-7f18-471f-835f-7ed28a5abf0a",
  "workflow_state_id": 500000006
}

GET /api/v3/stories/9003 token=ok 
PUT /api/v3/stories/9003 token=ok {
  "workflow_state_id": 500000008
}

GET /api/v3/stories/6092 token=ok 
POST /api/v3/stories token=ok {
  "name": "No token item",
  "description": "- Problem: No token item\n- Fix: tracked by firstmate backlog item lab-noticket",
  "story_type": "feature",
  "group_id": "649562cb-7f18-471f-835f-7ed28a5abf0a",
  "workflow_state_id": 500000006
}

GET /api/v3/stories/9001 token=ok 
PUT /api/v3/stories/9001 token=ok {
  "workflow_state_id": 500000008
}

GET /api/v3/stories/9001 token=ok 
PUT /api/v3/stories/9001 token=ok {
  "workflow_state_id": 500000009
}

GET /api/v3/stories/9001 token=ok 
PUT /api/v3/stories/9001 token=ok {
  "external_links": [
    "https://github.com/applypass/firstmate/pull/999"
  ]
}

POST /api/v3/stories/9001/comments token=ok {
  "text": "Decision: export as CSV"
}

POST /api/v3/files token=ok <multipart file upload 339 bytes>
PUT /api/v3/stories/9001 token=ok {
  "workflow_state_id": 500000010
}

POST /api/v3/stories/9001/comments token=ok {
  "text": "Done: captain confirmed working in prod"
}

GET /api/v3/stories/9002 token=ok 
PUT /api/v3/stories/9002 token=ok {
  "workflow_state_id": 500000006
}

POST /api/v3/stories/9002/comments token=ok {
  "text": "Back to Backlog (work not continuing): parked: not doing this now"
}

GET /api/v3/stories/9004 token=ok 
PUT /api/v3/stories/9004 token=ok {
  "workflow_state_id": 500000006
}

POST /api/v3/stories/9004/comments token=ok {
  "text": "Back to Backlog (work not continuing): cancelled: removed from the backlog"
}

GET /api/v3/stories/9003 token=ok 
PUT /api/v3/stories/9003 token=ok {
  "workflow_state_id": 500000006
}

POST /api/v3/stories/9003/comments token=ok {
  "text": "Back to Backlog (work not continuing): parked: deprioritised"
}

