POST /api/v3/stories token=present BODY {"name": "sc-6104 launch fix: CSP header", "description": "- Problem: sc-6104 launch fix: CSP header\n- Fix: tracked by firstmate backlog item lf-legacy\n\nfirstmate-item: fm-lab.xVZVhi/lf-legacy", "story_type": "feature", "group_id": "649562cb-7f18-471f-835f-7ed28a5abf0a", "workflow_state_id": 500000006, "owner_ids": ["11111111-2222-4333-8444-555555555555"]}
POST /api/v3/story-links token=present BODY {"subject_id": 9000, "object_id": 6104, "verb": "relates to"}
GET /api/v3/stories/9000 token=present
POST /api/v3/stories token=present BODY {"name": "sc-6104 launch fix: robots.txt", "description": "- Problem: sc-6104 launch fix: robots.txt\n- Fix: tracked by firstmate backlog item lf-1\n\nfirstmate-item: fm-lab.xVZVhi/lf-1", "story_type": "feature", "group_id": "649562cb-7f18-471f-835f-7ed28a5abf0a", "workflow_state_id": 500000006, "owner_ids": ["11111111-2222-4333-8444-555555555555"]}
POST /api/v3/story-links token=present BODY {"subject_id": 9001, "object_id": 6104, "verb": "relates to"}
GET /api/v3/stories/9001 token=present
GET /api/v3/stories/6104 token=present
GET /api/v3/stories/6104 token=present
GET /api/v3/stories/9001 token=present
GET /api/v3/stories/9001 token=present
GET /api/v3/stories/9001 token=present
GET /api/v3/stories/6200 token=present
GET /api/v3/stories/6200 token=present
GET /api/v3/stories/6200 token=present
PUT /api/v3/stories/6200 token=present BODY {"description": "- Problem: legacy story created by tasks-axi add before markers\n\nfirstmate-item: fm-lab.xVZVhi/x-1"}
GET /api/v3/stories/6200 token=present
POST /api/v3/stories token=present BODY {"name": "sc-6104 launch fix: CSP header", "description": "- Problem: sc-6104 launch fix: CSP header\n- Fix: tracked by firstmate backlog item lf-old\n\nfirstmate-item: fm-lab.xVZVhi/lf-old", "story_type": "feature", "group_id": "649562cb-7f18-471f-835f-7ed28a5abf0a", "workflow_state_id": 500000006, "owner_ids": ["11111111-2222-4333-8444-555555555555"]}
POST /api/v3/story-links token=present BODY {"subject_id": 9002, "object_id": 6104, "verb": "relates to"}
GET /api/v3/stories/9002 token=present
GET /api/v3/stories/6104 token=present
GET /api/v3/stories/6104 token=present
GET /api/v3/stories/6104 token=present
POST /api/v3/stories token=present BODY {"name": "Public files cleanup investigation (own story)", "description": "- Problem: Public files cleanup investigation (own story)\n- Fix: tracked by firstmate backlog item inv-2\n\nfirstmate-item: fm-lab.cRxPB4/inv-2", "story_type": "feature", "group_id": "649562cb-7f18-471f-835f-7ed28a5abf0a", "workflow_state_id": 500000006, "owner_ids": ["11111111-2222-4333-8444-555555555555"]}
GET /api/v3/stories/9003 token=present
GET /api/v3/stories/6104 token=present
GET /api/v3/stories/9001 token=present
GET /api/v3/stories/9001 token=present
