POST /api/v3/stories token=ok {"name": "Public files cleanup", "description": "- Problem: stale public files\n\nfirstmate-item: fm-lab.cNkoWU/cleanup-1", "story_type": "feature", "group_id": "649562cb-7f18-471f-835f-7ed28a5abf0a", "workflow_state_id": 500000006, "owner_ids": ["11111111-2222-3333-4444-555555555555"]}
GET /api/v3/stories/9001 token=ok 
POST /__seed token=ok {"id": 6104, "name": "Launch fixes umbrella", "description": "umbrella"}
POST /api/v3/stories token=ok {"name": "sc-6104 launch fix one", "description": "- Problem: sc-6104 launch fix one\n- Fix: tracked by firstmate backlog item lf-1\n\nfirstmate-item: fm-lab.cNkoWU/lf-1", "story_type": "feature", "group_id": "649562cb-7f18-471f-835f-7ed28a5abf0a", "workflow_state_id": 500000006, "owner_ids": ["11111111-2222-3333-4444-555555555555"]}
POST /api/v3/story-links token=ok {"subject_id": 9002, "object_id": 6104, "verb": "relates to"}
GET /api/v3/stories/9002 token=ok 
PUT /api/v3/stories/9002 token=ok {"workflow_state_id": 500000008}
GET /api/v3/stories/6104 token=ok 
GET /api/v3/stories/6104 token=ok 
GET /api/v3/stories/9001 token=ok 
GET /api/v3/stories/9001 token=ok 
GET /api/v3/stories/9001 token=ok 
POST /__seed token=ok {"id": 6200, "name": "legacy own", "description": "old story"}
GET /api/v3/stories/6200 token=ok 
GET /api/v3/stories/6200 token=ok 
GET /api/v3/stories/6200 token=ok 
PUT /api/v3/stories/6200 token=ok {"description": "old story\n\nfirstmate-item: fm-lab.cNkoWU/x-1"}
GET /api/v3/stories/6200 token=ok 
GET /api/v3/stories/6104 token=ok 
GET /api/v3/stories/9001 token=ok 
GET /api/v3/stories/6104 token=ok 
GET /api/v3/stories/6104 token=ok 
GET /api/v3/stories/9001 token=ok 
